2)
alex@alex-VirtualBox:~$ sudo apt-get install apt-transport-https ca-certificates curl gnupg-agent
Чтение списков пакетов… Готово
Построение дерева зависимостей       
Чтение информации о состоянии… Готово
Уже установлен пакет ca-certificates самой новой версии (20210119~20.04.1).
Уже установлен пакет curl самой новой версии (7.68.0-1ubuntu2.5).
Следующие пакеты устанавливались автоматически и больше не требуются:
  chromium-codecs-ffmpeg-extra geoip-database gstreamer1.0-vaapi libgeoip1
  libgstreamer-plugins-bad1.0-0 libnginx-mod-http-image-filter
  libnginx-mod-http-xslt-filter libnginx-mod-mail libnginx-mod-stream
  libnginx-mod-stream-geoip libva-wayland2 nginx-common nginx-core
Для их удаления используйте «sudo apt autoremove».
Следующие НОВЫЕ пакеты будут установлены:
  apt-transport-https gnupg-agent
Обновлено 0 пакетов, установлено 2 новых пакетов, для удаления отмечено 0 пакетов, и 51 пакетов не обновлено.
Необходимо скачать 6 936 B архивов.
После данной операции объём занятого дискового пространства возрастёт на 207 kB.
Хотите продолжить? [Д/н] y
Пол:1 http://ru.archive.ubuntu.com/ubuntu focal-updates/universe amd64 apt-transport-https all 2.0.5 [1 704 B]
Пол:2 http://ru.archive.ubuntu.com/ubuntu focal-updates/universe amd64 gnupg-agent all 2.2.19-3ubuntu2.1 [5 232 B]
Получено 6 936 B за 0с (142 kB/s)
Выбор ранее не выбранного пакета apt-transport-https.
(Чтение базы данных … на данный момент установлено 200438 файлов и каталогов.)
Подготовка к распаковке …/apt-transport-https_2.0.5_all.deb …
Распаковывается apt-transport-https (2.0.5) …
Выбор ранее не выбранного пакета gnupg-agent.
Подготовка к распаковке …/gnupg-agent_2.2.19-3ubuntu2.1_all.deb …
Распаковывается gnupg-agent (2.2.19-3ubuntu2.1) …
Настраивается пакет apt-transport-https (2.0.5) …
Настраивается пакет gnupg-agent (2.2.19-3ubuntu2.1) …

alex@alex-VirtualBox:~$ sudo curl -fsSL https://download.docker.com/linux/ubuntu/gpg | apt-key add -
E: This command can only be used by root.
(23) Failed writing body

lex@alex-VirtualBox:~$ sudo -s
root@alex-VirtualBox:/home/alex# sudo curl -fsSL https://download.docker.com/linux/ubuntu/gpg | apt-key add -
OK
root@alex-VirtualBox:/home/alex# su alex

alex@alex-VirtualBox:~$ sudo add-apt-repository "deb [arch=amd64] https://download.docker.com/linux/ubuntu $(lsb_release -cs) stable"
Сущ:1 http://ru.archive.ubuntu.com/ubuntu focal InRelease
Сущ:2 http://ru.archive.ubuntu.com/ubuntu focal-updates InRelease              
Сущ:3 http://ru.archive.ubuntu.com/ubuntu focal-backports InRelease            
Сущ:4 http://security.ubuntu.com/ubuntu focal-security InRelease               
Сущ:5 http://ppa.launchpad.net/nginx/stable/ubuntu focal InRelease             
Сущ:6 http://nginx.org/packages/ubuntu bionic InRelease                        
Пол:7 https://download.docker.com/linux/ubuntu focal InRelease [36,2 kB]       
Сущ:8 http://nginx.org/packages/ubuntu focal InRelease                         
Пол:9 https://download.docker.com/linux/ubuntu focal/stable amd64 Packages [9 166 B]
Получено 45,3 kB за 1с (49,8 kB/s)      
Чтение списков пакетов… Готово
N: Пропускается получение настроенного файла «nginx/binary-i386/Packages», так как репозиторий «http://nginx.org/packages/ubuntu bionic InRelease» не поддерживает архитектуру «i386»
N: Пропускается получение настроенного файла «nginx/binary-i386/Packages», так как репозиторий «http://nginx.org/packages/ubuntu focal InRelease» не поддерживает архитектуру «i386»
alex@alex-VirtualBox:~$ apt update
Чтение списков пакетов… Готово
E: Не удалось открыть файл блокировки /var/lib/apt/lists/lock - open (13: Отказано в доступе)
E: Невозможно заблокировать каталог /var/lib/apt/lists/
W: Проблема при удалении файла /var/cache/apt/pkgcache.bin - RemoveCaches (13: Отказано в доступе)
W: Проблема при удалении файла /var/cache/apt/srcpkgcache.bin - RemoveCaches (13: Отказано в доступе)
alex@alex-VirtualBox:~$ sudo apt update
Сущ:1 http://ru.archive.ubuntu.com/ubuntu focal InRelease
Сущ:2 http://ru.archive.ubuntu.com/ubuntu focal-updates InRelease              
Сущ:3 http://ru.archive.ubuntu.com/ubuntu focal-backports InRelease            
Сущ:4 http://nginx.org/packages/ubuntu bionic InRelease                        
Сущ:5 http://ppa.launchpad.net/nginx/stable/ubuntu focal InRelease             
Сущ:6 https://download.docker.com/linux/ubuntu focal InRelease                 
Сущ:7 http://nginx.org/packages/ubuntu focal InRelease                         
Сущ:8 http://security.ubuntu.com/ubuntu focal-security InRelease               
Чтение списков пакетов… Готово                  
Построение дерева зависимостей       
Чтение информации о состоянии… Готово
Может быть обновлён 51 пакет. Запустите «apt list --upgradable» для показа.
N: Пропускается получение настроенного файла «nginx/binary-i386/Packages», так как репозиторий «http://nginx.org/packages/ubuntu bionic InRelease» не поддерживает архитектуру «i386»
N: Пропускается получение настроенного файла «nginx/binary-i386/Packages», так как репозиторий «http://nginx.org/packages/ubuntu focal InRelease» не поддерживает архитектуру «i386»

alex@alex-VirtualBox:~$ sudo apt install docker-ce -y
Чтение списков пакетов… Готово
Построение дерева зависимостей       
Чтение информации о состоянии… Готово
Следующие пакеты устанавливались автоматически и больше не требуются:
  chromium-codecs-ffmpeg-extra geoip-database gstreamer1.0-vaapi libgeoip1
  libgstreamer-plugins-bad1.0-0 libnginx-mod-http-image-filter
  libnginx-mod-http-xslt-filter libnginx-mod-mail libnginx-mod-stream
  libnginx-mod-stream-geoip libva-wayland2 nginx-common nginx-core
Для их удаления используйте «sudo apt autoremove».
Будут установлены следующие дополнительные пакеты:
  containerd.io docker-ce-cli docker-ce-rootless-extras docker-scan-plugin git
  git-man liberror-perl pigz slirp4netns
Предлагаемые пакеты:
  aufs-tools cgroupfs-mount | cgroup-lite git-daemon-run | git-daemon-sysvinit
  git-doc git-el git-email git-gui gitk gitweb git-cvs git-mediawiki git-svn
Следующие НОВЫЕ пакеты будут установлены:
  containerd.io docker-ce docker-ce-cli docker-ce-rootless-extras
  docker-scan-plugin git git-man liberror-perl pigz slirp4netns
Обновлено 0 пакетов, установлено 10 новых пакетов, для удаления отмечено 0 пакетов, и 51 пакетов не обновлено.
Необходимо скачать 113 MB архивов.
После данной операции объём занятого дискового пространства возрастёт на 504 MB.
Пол:1 http://ru.archive.ubuntu.com/ubuntu focal/universe amd64 pigz amd64 2.4-1 [57,4 kB]
Пол:2 http://ru.archive.ubuntu.com/ubuntu focal/main amd64 liberror-perl all 0.17029-1 [26,5 kB]
Пол:3 http://ru.archive.ubuntu.com/ubuntu focal-updates/main amd64 git-man all 1:2.25.1-1ubuntu3.1 [884 kB]
Пол:4 https://download.docker.com/linux/ubuntu focal/stable amd64 containerd.io amd64 1.4.4-1 [28,3 MB]
Пол:5 http://ru.archive.ubuntu.com/ubuntu focal-updates/main amd64 git amd64 1:2.25.1-1ubuntu3.1 [4 557 kB]
Пол:6 http://ru.archive.ubuntu.com/ubuntu focal/universe amd64 slirp4netns amd64 0.4.3-1 [74,3 kB]
Пол:7 https://download.docker.com/linux/ubuntu focal/stable amd64 docker-ce-cli amd64 5:20.10.6~3-0~ubuntu-focal [41,4 MB]
Пол:8 https://download.docker.com/linux/ubuntu focal/stable amd64 docker-ce amd64 5:20.10.6~3-0~ubuntu-focal [24,8 MB]
Пол:9 https://download.docker.com/linux/ubuntu focal/stable amd64 docker-ce-rootless-extras amd64 5:20.10.6~3-0~ubuntu-focal [9 067 kB]
Пол:10 https://download.docker.com/linux/ubuntu focal/stable amd64 docker-scan-plugin amd64 0.7.0~ubuntu-focal [3 886 kB]
Получено 113 MB за 1мин 13с (1 555 kB/s)                                       
Выбор ранее не выбранного пакета pigz.
(Чтение базы данных … на данный момент установлено 200446 файлов и каталогов.)
Подготовка к распаковке …/0-pigz_2.4-1_amd64.deb …
Распаковывается pigz (2.4-1) …
Выбор ранее не выбранного пакета containerd.io.
Подготовка к распаковке …/1-containerd.io_1.4.4-1_amd64.deb …
Распаковывается containerd.io (1.4.4-1) …
Выбор ранее не выбранного пакета docker-ce-cli.
Подготовка к распаковке …/2-docker-ce-cli_5%3a20.10.6~3-0~ubuntu-focal_amd64.deb
 …
Распаковывается docker-ce-cli (5:20.10.6~3-0~ubuntu-focal) …
Выбор ранее не выбранного пакета docker-ce.
Подготовка к распаковке …/3-docker-ce_5%3a20.10.6~3-0~ubuntu-focal_amd64.deb …
Распаковывается docker-ce (5:20.10.6~3-0~ubuntu-focal) …
Выбор ранее не выбранного пакета docker-ce-rootless-extras.
Подготовка к распаковке …/4-docker-ce-rootless-extras_5%3a20.10.6~3-0~ubuntu-foc
al_amd64.deb …
Распаковывается docker-ce-rootless-extras (5:20.10.6~3-0~ubuntu-focal) …
Выбор ранее не выбранного пакета docker-scan-plugin.
Подготовка к распаковке …/5-docker-scan-plugin_0.7.0~ubuntu-focal_amd64.deb …
Распаковывается docker-scan-plugin (0.7.0~ubuntu-focal) …
Выбор ранее не выбранного пакета liberror-perl.
Подготовка к распаковке …/6-liberror-perl_0.17029-1_all.deb …
Распаковывается liberror-perl (0.17029-1) …
Выбор ранее не выбранного пакета git-man.
Подготовка к распаковке …/7-git-man_1%3a2.25.1-1ubuntu3.1_all.deb …
Распаковывается git-man (1:2.25.1-1ubuntu3.1) …
Выбор ранее не выбранного пакета git.
Подготовка к распаковке …/8-git_1%3a2.25.1-1ubuntu3.1_amd64.deb …
Распаковывается git (1:2.25.1-1ubuntu3.1) …
Выбор ранее не выбранного пакета slirp4netns.
Подготовка к распаковке …/9-slirp4netns_0.4.3-1_amd64.deb …
Распаковывается slirp4netns (0.4.3-1) …
Настраивается пакет slirp4netns (0.4.3-1) …
Настраивается пакет docker-scan-plugin (0.7.0~ubuntu-focal) …
Настраивается пакет liberror-perl (0.17029-1) …
Настраивается пакет containerd.io (1.4.4-1) …
Created symlink /etc/systemd/system/multi-user.target.wants/containerd.service →
 /lib/systemd/system/containerd.service.
Настраивается пакет docker-ce-cli (5:20.10.6~3-0~ubuntu-focal) …
Настраивается пакет pigz (2.4-1) …
Настраивается пакет git-man (1:2.25.1-1ubuntu3.1) …
Настраивается пакет docker-ce-rootless-extras (5:20.10.6~3-0~ubuntu-focal) …
Настраивается пакет docker-ce (5:20.10.6~3-0~ubuntu-focal) …
Created symlink /etc/systemd/system/multi-user.target.wants/docker.service → /li
b/systemd/system/docker.service.
Created symlink /etc/systemd/system/sockets.target.wants/docker.socket → /lib/sy
stemd/system/docker.socket.
Настраивается пакет git (1:2.25.1-1ubuntu3.1) …
Обрабатываются триггеры для man-db (2.9.1-1) …
Обрабатываются триггеры для systemd (245.4-4ubuntu3.6) …

alex@alex-VirtualBox:~$ systemctl status docker
● docker.service - Docker Application Container Engine
     Loaded: loaded (/lib/systemd/system/docker.service; enabled; vendor preset>
     Active: active (running) since Fri 2021-04-16 19:51:58 MSK; 9min ago
TriggeredBy: ● docker.socket
       Docs: https://docs.docker.com
   Main PID: 6249 (dockerd)
      Tasks: 10
     Memory: 40.9M
     CGroup: /system.slice/docker.service
             └─6249 /usr/bin/dockerd -H fd:// --containerd=/run/containerd/cont>

3)
alex@alex-VirtualBox:~$ sudo docker run -it --name Ubuntu1804 ubuntu:18.04 /bin/bash
Unable to find image 'ubuntu:18.04' locally
18.04: Pulling from library/ubuntu
6e0aa5e7af40: Pull complete 
d47239a868b3: Pull complete 
49cbb10cca85: Pull complete 
Digest: sha256:122f506735a26c0a1aff2363335412cfc4f84de38326356d31ee00c2cbe52171
Status: Downloaded newer image for ubuntu:18.04
root@bb2710136105:/# 





